../Core/Src/enc.c:39:6:enc_init	8	static
../Core/Src/enc.c:47:6:enc_in_irq	32	static
../Core/Src/enc.c:69:6:enc_tick_10ms	32	static
../Core/Src/enc.c:81:6:enc_get_status	16	static
../Core/Src/enc.c:87:6:enc_command	24	static
../Core/Src/enc.c:107:6:enc_set_speed	16	static
../Core/Src/enc.c:120:6:enc_fixSpeed	4	static
../Core/Src/enc.c:126:13:_set_speed	24	static
../Core/Src/enc.c:151:6:HAL_TIM_QUARTER_PulseFinishedCallback	16	static
../Core/Src/enc.c:168:6:enc_start	8	static
../Core/Src/enc.c:177:6:enc_stop	8	static
