../Core/Src/enc.c:36:6:enc_init	8	static
../Core/Src/enc.c:43:6:enc_in_irq	32	static
../Core/Src/enc.c:65:6:enc_tick_10ms	32	static
../Core/Src/enc.c:77:6:enc_get_status	24	static
../Core/Src/enc.c:83:6:enc_command	24	static
../Core/Src/enc.c:98:6:enc_set_speed	16	static
../Core/Src/enc.c:110:6:enc_fixSpeed	4	static
../Core/Src/enc.c:116:13:_init_pwm	56	static
../Core/Src/enc.c:172:6:HAL_TIM_PWM_PulseFinishedCallback	16	static
../Core/Src/enc.c:194:6:enc_start	8	static
../Core/Src/enc.c:206:6:enc_stop	8	static
