15:57:51 **** Incremental Build of configuration Debug for project blink ****
make -j16 all 
arm-none-eabi-gcc "../Core/Src/main.c" -mcpu=cortex-m4 -std=gnu11 -g3 -DDEBUG -DUSE_HAL_DRIVER -DSTM32F373xC -c -I../Core/Inc -I../Drivers/STM32F3xx_HAL_Driver/Inc -I../Drivers/STM32F3xx_HAL_Driver/Inc/Legacy -I../Drivers/CMSIS/Device/ST/STM32F3xx/Include -I../Drivers/CMSIS/Include -I../USB_DEVICE/App -I../USB_DEVICE/Target -I../Middlewares/ST/STM32_USB_Device_Library/Core/Inc -I../Middlewares/ST/STM32_USB_Device_Library/Class/CDC/Inc -O0 -ffunction-sections -fdata-sections -Wall -Wdiscarded-qualifiers -fstack-usage -fcyclomatic-complexity -MMD -MP -MF"Core/Src/main.d" -MT"Core/Src/main.o" --specs=nano.specs -mfpu=fpv4-sp-d16 -mfloat-abi=hard -mthumb -o "Core/Src/main.o"
../Core/Src/main.c: In function 'main':
../Core/Src/main.c:135:32: warning: passing argument 2 of 'HAL_UART_Receive_IT' discards 'volatile' qualifier from pointer target type [-Wdiscarded-qualifiers]
  135 |   HAL_UART_Receive_IT(&huart1, &RxDataFERAG, 1);
      |                                ^~~~~~~~~~~~
In file included from ../Core/Inc/stm32f3xx_hal_conf.h:327,
                 from ../Drivers/STM32F3xx_HAL_Driver/Inc/stm32f3xx_hal.h:29,
                 from ../Core/Inc/main.h:30,
                 from ../Core/Src/main.c:20:
../Drivers/STM32F3xx_HAL_Driver/Inc/stm32f3xx_hal_uart.h:1489:75: note: expected 'uint8_t *' {aka 'unsigned char *'} but argument is of type 'volatile uint8_t *' {aka 'volatile unsigned char *'}
 1489 | HAL_StatusTypeDef HAL_UART_Receive_IT(UART_HandleTypeDef *huart, uint8_t *pData, uint16_t Size);
      |                                                                  ~~~~~~~~~^~~~~
../Core/Src/main.c:136:32: warning: passing argument 2 of 'HAL_UART_Receive_IT' discards 'volatile' qualifier from pointer target type [-Wdiscarded-qualifiers]
  136 |   HAL_UART_Receive_IT(&huart3, &RxDataNUC, 1);
      |                                ^~~~~~~~~~
../Drivers/STM32F3xx_HAL_Driver/Inc/stm32f3xx_hal_uart.h:1489:75: note: expected 'uint8_t *' {aka 'unsigned char *'} but argument is of type 'volatile uint8_t *' {aka 'volatile unsigned char *'}
 1489 | HAL_StatusTypeDef HAL_UART_Receive_IT(UART_HandleTypeDef *huart, uint8_t *pData, uint16_t Size);
      |                                                                  ~~~~~~~~~^~~~~
../Core/Src/main.c: In function 'HAL_UART_RxCpltCallback':
../Core/Src/main.c:571:46: warning: passing argument 2 of 'HAL_UART_Receive_IT' discards 'volatile' qualifier from pointer target type [-Wdiscarded-qualifiers]
  571 |                 HAL_UART_Receive_IT(&huart1, &RxDataFERAG, 1);
      |                                              ^~~~~~~~~~~~
../Drivers/STM32F3xx_HAL_Driver/Inc/stm32f3xx_hal_uart.h:1489:75: note: expected 'uint8_t *' {aka 'unsigned char *'} but argument is of type 'volatile uint8_t *' {aka 'volatile unsigned char *'}
 1489 | HAL_StatusTypeDef HAL_UART_Receive_IT(UART_HandleTypeDef *huart, uint8_t *pData, uint16_t Size);
      |                                                                  ~~~~~~~~~^~~~~
../Core/Src/main.c:576:46: warning: passing argument 2 of 'HAL_UART_Receive_IT' discards 'volatile' qualifier from pointer target type [-Wdiscarded-qualifiers]
  576 |                 HAL_UART_Receive_IT(&huart3, &RxDataNUC, 1);
      |                                              ^~~~~~~~~~
../Drivers/STM32F3xx_HAL_Driver/Inc/stm32f3xx_hal_uart.h:1489:75: note: expected 'uint8_t *' {aka 'unsigned char *'} but argument is of type 'volatile uint8_t *' {aka 'volatile unsigned char *'}
 1489 | HAL_StatusTypeDef HAL_UART_Receive_IT(UART_HandleTypeDef *huart, uint8_t *pData, uint16_t Size);
      |                                                                  ~~~~~~~~~^~~~~
../Core/Src/main.c: In function 'ferag_send_char':
../Core/Src/main.c:583:36: warning: cast to pointer from integer of different size [-Wint-to-pointer-cast]
  583 |         HAL_UART_Transmit(&huart1, (uint8_t *)data, 1, HAL_MAX_DELAY);
      |                                    ^
arm-none-eabi-gcc -o "blink.elf" @"objects.list"   -mcpu=cortex-m4 -T"D:\Develop\EZ-FeragBox\blink\STM32F373CCTX_FLASH.ld" --specs=nosys.specs -Wl,-Map="blink.map" -Wl,--gc-sections -static --specs=nano.specs -mfpu=fpv4-sp-d16 -mfloat-abi=hard -mthumb -u _printf_float -u _scanf_float -Wl,--start-group -lc -lm -Wl,--end-group
C:/ST/STM32CubeIDE_1.15.0/STM32CubeIDE/plugins/com.st.stm32cube.ide.mcu.externaltools.gnu-tools-for-stm32.12.3.rel1.win32_1.0.100.202403111256/tools/bin/../lib/gcc/arm-none-eabi/12.3.1/../../../../arm-none-eabi/bin/ld.exe: warning: blink.elf has a LOAD segment with RWX permissions
Finished building target: blink.elf
 
arm-none-eabi-size  blink.elf 
arm-none-eabi-objdump -h -S blink.elf  > "blink.list"
   text	   data	    bss	    dec	    hex	filename
  78416	    848	   7304	  86568	  15228	blink.elf
Finished building: default.size.stdout
 
Finished building: blink.list
 
15:57:56 **** Incremental Build of configuration Debug for project blink ****
make -j16 all 
arm-none-eabi-size  blink.elf 
   text	   data	    bss	    dec	    hex	filename
  78416	    848	   7304	  86568	  15228	blink.elf
Finished building: default.size.stdout
 
15:58:18 **** Incremental Build of configuration Debug for project blink ****
make -j16 all 
arm-none-eabi-size  blink.elf 
   text	   data	    bss	    dec	    hex	filename
  78416	    848	   7304	  86568	  15228	blink.elf
Finished building: default.size.stdout
 
15:58:33 **** Incremental Build of configuration Debug for project blink ****
make -j16 all 
arm-none-eabi-size  blink.elf 
   text	   data	    bss	    dec	    hex	filename
  78416	    848	   7304	  86568	  15228	blink.elf
Finished building: default.size.stdout
 
15:59:46 **** Incremental Build of configuration Debug for project blink ****
make -j16 all 
arm-none-eabi-gcc "../Core/Src/main.c" -mcpu=cortex-m4 -std=gnu11 -g3 -DDEBUG -DUSE_HAL_DRIVER -DSTM32F373xC -c -I../Core/Inc -I../Drivers/STM32F3xx_HAL_Driver/Inc -I../Drivers/STM32F3xx_HAL_Driver/Inc/Legacy -I../Drivers/CMSIS/Device/ST/STM32F3xx/Include -I../Drivers/CMSIS/Include -I../USB_DEVICE/App -I../USB_DEVICE/Target -I../Middlewares/ST/STM32_USB_Device_Library/Core/Inc -I../Middlewares/ST/STM32_USB_Device_Library/Class/CDC/Inc -O0 -ffunction-sections -fdata-sections -Wall -Wdiscarded-qualifiers -fstack-usage -fcyclomatic-complexity -MMD -MP -MF"Core/Src/main.d" -MT"Core/Src/main.o" --specs=nano.specs -mfpu=fpv4-sp-d16 -mfloat-abi=hard -mthumb -o "Core/Src/main.o"
../Core/Src/main.c: In function 'main':
../Core/Src/main.c:135:32: warning: passing argument 2 of 'HAL_UART_Receive_IT' discards 'volatile' qualifier from pointer target type [-Wdiscarded-qualifiers]
  135 |   HAL_UART_Receive_IT(&huart1, &RxDataFERAG, 1);
      |                                ^~~~~~~~~~~~
In file included from ../Core/Inc/stm32f3xx_hal_conf.h:327,
                 from ../Drivers/STM32F3xx_HAL_Driver/Inc/stm32f3xx_hal.h:29,
                 from ../Core/Inc/main.h:30,
                 from ../Core/Src/main.c:20:
../Drivers/STM32F3xx_HAL_Driver/Inc/stm32f3xx_hal_uart.h:1489:75: note: expected 'uint8_t *' {aka 'unsigned char *'} but argument is of type 'volatile uint8_t *' {aka 'volatile unsigned char *'}
 1489 | HAL_StatusTypeDef HAL_UART_Receive_IT(UART_HandleTypeDef *huart, uint8_t *pData, uint16_t Size);
      |                                                                  ~~~~~~~~~^~~~~
../Core/Src/main.c:136:32: warning: passing argument 2 of 'HAL_UART_Receive_IT' discards 'volatile' qualifier from pointer target type [-Wdiscarded-qualifiers]
  136 |   HAL_UART_Receive_IT(&huart3, &RxDataNUC, 1);
      |                                ^~~~~~~~~~
../Drivers/STM32F3xx_HAL_Driver/Inc/stm32f3xx_hal_uart.h:1489:75: note: expected 'uint8_t *' {aka 'unsigned char *'} but argument is of type 'volatile uint8_t *' {aka 'volatile unsigned char *'}
 1489 | HAL_StatusTypeDef HAL_UART_Receive_IT(UART_HandleTypeDef *huart, uint8_t *pData, uint16_t Size);
      |                                                                  ~~~~~~~~~^~~~~
../Core/Src/main.c: In function 'HAL_UART_RxCpltCallback':
../Core/Src/main.c:571:46: warning: passing argument 2 of 'HAL_UART_Receive_IT' discards 'volatile' qualifier from pointer target type [-Wdiscarded-qualifiers]
  571 |                 HAL_UART_Receive_IT(&huart1, &RxDataFERAG, 1);
      |                                              ^~~~~~~~~~~~
../Drivers/STM32F3xx_HAL_Driver/Inc/stm32f3xx_hal_uart.h:1489:75: note: expected 'uint8_t *' {aka 'unsigned char *'} but argument is of type 'volatile uint8_t *' {aka 'volatile unsigned char *'}
 1489 | HAL_StatusTypeDef HAL_UART_Receive_IT(UART_HandleTypeDef *huart, uint8_t *pData, uint16_t Size);
      |                                                                  ~~~~~~~~~^~~~~
../Core/Src/main.c:576:46: warning: passing argument 2 of 'HAL_UART_Receive_IT' discards 'volatile' qualifier from pointer target type [-Wdiscarded-qualifiers]
  576 |                 HAL_UART_Receive_IT(&huart3, &RxDataNUC, 1);
      |                                              ^~~~~~~~~~
../Drivers/STM32F3xx_HAL_Driver/Inc/stm32f3xx_hal_uart.h:1489:75: note: expected 'uint8_t *' {aka 'unsigned char *'} but argument is of type 'volatile uint8_t *' {aka 'volatile unsigned char *'}
 1489 | HAL_StatusTypeDef HAL_UART_Receive_IT(UART_HandleTypeDef *huart, uint8_t *pData, uint16_t Size);
      |                                                                  ~~~~~~~~~^~~~~
../Core/Src/main.c: In function 'ferag_send_char':
../Core/Src/main.c:583:36: warning: cast to pointer from integer of different size [-Wint-to-pointer-cast]
  583 |         HAL_UART_Transmit(&huart1, (uint8_t *)data, 1, HAL_MAX_DELAY);
      |                                    ^
arm-none-eabi-gcc -o "blink.elf" @"objects.list"   -mcpu=cortex-m4 -T"D:\Develop\EZ-FeragBox\blink\STM32F373CCTX_FLASH.ld" --specs=nosys.specs -Wl,-Map="blink.map" -Wl,--gc-sections -static --specs=nano.specs -mfpu=fpv4-sp-d16 -mfloat-abi=hard -mthumb -u _printf_float -u _scanf_float -Wl,--start-group -lc -lm -Wl,--end-group
C:/ST/STM32CubeIDE_1.15.0/STM32CubeIDE/plugins/com.st.stm32cube.ide.mcu.externaltools.gnu-tools-for-stm32.12.3.rel1.win32_1.0.100.202403111256/tools/bin/../lib/gcc/arm-none-eabi/12.3.1/../../../../arm-none-eabi/bin/ld.exe: warning: blink.elf has a LOAD segment with RWX permissions
Finished building target: blink.elf
 
arm-none-eabi-size  blink.elf 
arm-none-eabi-objdump -h -S blink.elf  > "blink.list"
   text	   data	    bss	    dec	    hex	filename
  78416	    848	   7304	  86568	  15228	blink.elf
Finished building: default.size.stdout
 
Finished building: blink.list
 
16:00:23 **** Incremental Build of configuration Debug for project blink ****
make -j16 all 
arm-none-eabi-size  blink.elf 
   text	   data	    bss	    dec	    hex	filename
  78416	    848	   7304	  86568	  15228	blink.elf
Finished building: default.size.stdout
 
16:01:19 **** Incremental Build of configuration Debug for project blink ****
make -j16 all 
arm-none-eabi-size  blink.elf 
   text	   data	    bss	    dec	    hex	filename
  78416	    848	   7304	  86568	  15228	blink.elf
Finished building: default.size.stdout
 
09:33:13 **** Incremental Build of configuration Debug for project blink ****
make -j16 all 
arm-none-eabi-size  blink.elf 
   text	   data	    bss	    dec	    hex	filename
  78416	    848	   7304	  86568	  15228	blink.elf
Finished building: default.size.stdout
 
16:13:43 **** Incremental Build of configuration Debug for project blink ****
make -j16 all 
arm-none-eabi-gcc "../Core/Src/main.c" -mcpu=cortex-m4 -std=gnu11 -g3 -DDEBUG -DUSE_HAL_DRIVER -DSTM32F373xC -c -I../Core/Inc -I../Drivers/STM32F3xx_HAL_Driver/Inc -I../Drivers/STM32F3xx_HAL_Driver/Inc/Legacy -I../Drivers/CMSIS/Device/ST/STM32F3xx/Include -I../Drivers/CMSIS/Include -I../USB_DEVICE/App -I../USB_DEVICE/Target -I../Middlewares/ST/STM32_USB_Device_Library/Core/Inc -I../Middlewares/ST/STM32_USB_Device_Library/Class/CDC/Inc -O0 -ffunction-sections -fdata-sections -Wall -Wdiscarded-qualifiers -fstack-usage -fcyclomatic-complexity -MMD -MP -MF"Core/Src/main.d" -MT"Core/Src/main.o" --specs=nano.specs -mfpu=fpv4-sp-d16 -mfloat-abi=hard -mthumb -o "Core/Src/main.o"
../Core/Src/main.c: In function 'main':
../Core/Src/main.c:135:32: warning: passing argument 2 of 'HAL_UART_Receive_IT' discards 'volatile' qualifier from pointer target type [-Wdiscarded-qualifiers]
  135 |   HAL_UART_Receive_IT(&huart1, &RxDataFERAG, 1);
      |                                ^~~~~~~~~~~~
In file included from ../Core/Inc/stm32f3xx_hal_conf.h:327,
                 from ../Drivers/STM32F3xx_HAL_Driver/Inc/stm32f3xx_hal.h:29,
                 from ../Core/Inc/main.h:30,
                 from ../Core/Src/main.c:20:
../Drivers/STM32F3xx_HAL_Driver/Inc/stm32f3xx_hal_uart.h:1489:75: note: expected 'uint8_t *' {aka 'unsigned char *'} but argument is of type 'volatile uint8_t *' {aka 'volatile unsigned char *'}
 1489 | HAL_StatusTypeDef HAL_UART_Receive_IT(UART_HandleTypeDef *huart, uint8_t *pData, uint16_t Size);
      |                                                                  ~~~~~~~~~^~~~~
../Core/Src/main.c:136:32: warning: passing argument 2 of 'HAL_UART_Receive_IT' discards 'volatile' qualifier from pointer target type [-Wdiscarded-qualifiers]
  136 |   HAL_UART_Receive_IT(&huart3, &RxDataNUC, 1);
      |                                ^~~~~~~~~~
../Drivers/STM32F3xx_HAL_Driver/Inc/stm32f3xx_hal_uart.h:1489:75: note: expected 'uint8_t *' {aka 'unsigned char *'} but argument is of type 'volatile uint8_t *' {aka 'volatile unsigned char *'}
 1489 | HAL_StatusTypeDef HAL_UART_Receive_IT(UART_HandleTypeDef *huart, uint8_t *pData, uint16_t Size);
      |                                                                  ~~~~~~~~~^~~~~
../Core/Src/main.c: In function 'HAL_UART_RxCpltCallback':
../Core/Src/main.c:571:46: warning: passing argument 2 of 'HAL_UART_Receive_IT' discards 'volatile' qualifier from pointer target type [-Wdiscarded-qualifiers]
  571 |                 HAL_UART_Receive_IT(&huart1, &RxDataFERAG, 1);
      |                                              ^~~~~~~~~~~~
../Drivers/STM32F3xx_HAL_Driver/Inc/stm32f3xx_hal_uart.h:1489:75: note: expected 'uint8_t *' {aka 'unsigned char *'} but argument is of type 'volatile uint8_t *' {aka 'volatile unsigned char *'}
 1489 | HAL_StatusTypeDef HAL_UART_Receive_IT(UART_HandleTypeDef *huart, uint8_t *pData, uint16_t Size);
      |                                                                  ~~~~~~~~~^~~~~
../Core/Src/main.c:576:46: warning: passing argument 2 of 'HAL_UART_Receive_IT' discards 'volatile' qualifier from pointer target type [-Wdiscarded-qualifiers]
  576 |                 HAL_UART_Receive_IT(&huart3, &RxDataNUC, 1);
      |                                              ^~~~~~~~~~
../Drivers/STM32F3xx_HAL_Driver/Inc/stm32f3xx_hal_uart.h:1489:75: note: expected 'uint8_t *' {aka 'unsigned char *'} but argument is of type 'volatile uint8_t *' {aka 'volatile unsigned char *'}
 1489 | HAL_StatusTypeDef HAL_UART_Receive_IT(UART_HandleTypeDef *huart, uint8_t *pData, uint16_t Size);
      |                                                                  ~~~~~~~~~^~~~~
../Core/Src/main.c: In function 'ferag_send_char':
../Core/Src/main.c:583:36: warning: cast to pointer from integer of different size [-Wint-to-pointer-cast]
  583 |         HAL_UART_Transmit(&huart1, (uint8_t *)data, 1, HAL_MAX_DELAY);
      |                                    ^
arm-none-eabi-gcc -o "blink.elf" @"objects.list"   -mcpu=cortex-m4 -T"D:\Develop\EZ-FeragBox\blink\STM32F373CCTX_FLASH.ld" --specs=nosys.specs -Wl,-Map="blink.map" -Wl,--gc-sections -static --specs=nano.specs -mfpu=fpv4-sp-d16 -mfloat-abi=hard -mthumb -u _printf_float -u _scanf_float -Wl,--start-group -lc -lm -Wl,--end-group
C:/ST/STM32CubeIDE_1.15.0/STM32CubeIDE/plugins/com.st.stm32cube.ide.mcu.externaltools.gnu-tools-for-stm32.12.3.rel1.win32_1.0.100.202403111256/tools/bin/../lib/gcc/arm-none-eabi/12.3.1/../../../../arm-none-eabi/bin/ld.exe: warning: blink.elf has a LOAD segment with RWX permissions
Finished building target: blink.elf
 
arm-none-eabi-size  blink.elf 
arm-none-eabi-objdump -h -S blink.elf  > "blink.list"
   text	   data	    bss	    dec	    hex	filename
  78416	    848	   7304	  86568	  15228	blink.elf
Finished building: default.size.stdout
 
Finished building: blink.list
 
16:15:11 **** Incremental Build of configuration Debug for project blink ****
make -j16 all 
arm-none-eabi-gcc "../Core/Src/main.c" -mcpu=cortex-m4 -std=gnu11 -g3 -DDEBUG -DUSE_HAL_DRIVER -DSTM32F373xC -c -I../Core/Inc -I../Drivers/STM32F3xx_HAL_Driver/Inc -I../Drivers/STM32F3xx_HAL_Driver/Inc/Legacy -I../Drivers/CMSIS/Device/ST/STM32F3xx/Include -I../Drivers/CMSIS/Include -I../USB_DEVICE/App -I../USB_DEVICE/Target -I../Middlewares/ST/STM32_USB_Device_Library/Core/Inc -I../Middlewares/ST/STM32_USB_Device_Library/Class/CDC/Inc -O0 -ffunction-sections -fdata-sections -Wall -Wdiscarded-qualifiers -fstack-usage -fcyclomatic-complexity -MMD -MP -MF"Core/Src/main.d" -MT"Core/Src/main.o" --specs=nano.specs -mfpu=fpv4-sp-d16 -mfloat-abi=hard -mthumb -o "Core/Src/main.o"
../Core/Src/main.c: In function 'main':
../Core/Src/main.c:135:32: warning: passing argument 2 of 'HAL_UART_Receive_IT' discards 'volatile' qualifier from pointer target type [-Wdiscarded-qualifiers]
  135 |   HAL_UART_Receive_IT(&huart1, &RxDataFERAG, 1);
      |                                ^~~~~~~~~~~~
In file included from ../Core/Inc/stm32f3xx_hal_conf.h:327,
                 from ../Drivers/STM32F3xx_HAL_Driver/Inc/stm32f3xx_hal.h:29,
                 from ../Core/Inc/main.h:30,
                 from ../Core/Src/main.c:20:
../Drivers/STM32F3xx_HAL_Driver/Inc/stm32f3xx_hal_uart.h:1489:75: note: expected 'uint8_t *' {aka 'unsigned char *'} but argument is of type 'volatile uint8_t *' {aka 'volatile unsigned char *'}
 1489 | HAL_StatusTypeDef HAL_UART_Receive_IT(UART_HandleTypeDef *huart, uint8_t *pData, uint16_t Size);
      |                                                                  ~~~~~~~~~^~~~~
../Core/Src/main.c:136:32: warning: passing argument 2 of 'HAL_UART_Receive_IT' discards 'volatile' qualifier from pointer target type [-Wdiscarded-qualifiers]
  136 |   HAL_UART_Receive_IT(&huart3, &RxDataNUC, 1);
      |                                ^~~~~~~~~~
../Drivers/STM32F3xx_HAL_Driver/Inc/stm32f3xx_hal_uart.h:1489:75: note: expected 'uint8_t *' {aka 'unsigned char *'} but argument is of type 'volatile uint8_t *' {aka 'volatile unsigned char *'}
 1489 | HAL_StatusTypeDef HAL_UART_Receive_IT(UART_HandleTypeDef *huart, uint8_t *pData, uint16_t Size);
      |                                                                  ~~~~~~~~~^~~~~
../Core/Src/main.c: In function 'HAL_UART_RxCpltCallback':
../Core/Src/main.c:571:46: warning: passing argument 2 of 'HAL_UART_Receive_IT' discards 'volatile' qualifier from pointer target type [-Wdiscarded-qualifiers]
  571 |                 HAL_UART_Receive_IT(&huart1, &RxDataFERAG, 1);
      |                                              ^~~~~~~~~~~~
../Drivers/STM32F3xx_HAL_Driver/Inc/stm32f3xx_hal_uart.h:1489:75: note: expected 'uint8_t *' {aka 'unsigned char *'} but argument is of type 'volatile uint8_t *' {aka 'volatile unsigned char *'}
 1489 | HAL_StatusTypeDef HAL_UART_Receive_IT(UART_HandleTypeDef *huart, uint8_t *pData, uint16_t Size);
      |                                                                  ~~~~~~~~~^~~~~
../Core/Src/main.c:576:46: warning: passing argument 2 of 'HAL_UART_Receive_IT' discards 'volatile' qualifier from pointer target type [-Wdiscarded-qualifiers]
  576 |                 HAL_UART_Receive_IT(&huart3, &RxDataNUC, 1);
      |                                              ^~~~~~~~~~
../Drivers/STM32F3xx_HAL_Driver/Inc/stm32f3xx_hal_uart.h:1489:75: note: expected 'uint8_t *' {aka 'unsigned char *'} but argument is of type 'volatile uint8_t *' {aka 'volatile unsigned char *'}
 1489 | HAL_StatusTypeDef HAL_UART_Receive_IT(UART_HandleTypeDef *huart, uint8_t *pData, uint16_t Size);
      |                                                                  ~~~~~~~~~^~~~~
../Core/Src/main.c: In function 'ferag_send_char':
../Core/Src/main.c:583:36: warning: cast to pointer from integer of different size [-Wint-to-pointer-cast]
  583 |         HAL_UART_Transmit(&huart1, (uint8_t *)data, 1, HAL_MAX_DELAY);
      |                                    ^
arm-none-eabi-gcc -o "blink.elf" @"objects.list"   -mcpu=cortex-m4 -T"D:\Develop\EZ-FeragBox\blink\STM32F373CCTX_FLASH.ld" --specs=nosys.specs -Wl,-Map="blink.map" -Wl,--gc-sections -static --specs=nano.specs -mfpu=fpv4-sp-d16 -mfloat-abi=hard -mthumb -u _printf_float -u _scanf_float -Wl,--start-group -lc -lm -Wl,--end-group
C:/ST/STM32CubeIDE_1.15.0/STM32CubeIDE/plugins/com.st.stm32cube.ide.mcu.externaltools.gnu-tools-for-stm32.12.3.rel1.win32_1.0.100.202403111256/tools/bin/../lib/gcc/arm-none-eabi/12.3.1/../../../../arm-none-eabi/bin/ld.exe: warning: blink.elf has a LOAD segment with RWX permissions
Finished building target: blink.elf
 
arm-none-eabi-size  blink.elf 
arm-none-eabi-objdump -h -S blink.elf  > "blink.list"
   text	   data	    bss	    dec	    hex	filename
  78416	    848	   7304	  86568	  15228	blink.elf
Finished building: default.size.stdout
 
Finished building: blink.list
 
